// Jest Snapshot v1, https://goo.gl/fbAQLP

exports[`Card  renders 1`] = `
<div
  aria-labelledby="mock-nanoid-1"
  class="p-card"
  role="group"
>
  <h3
    class="p-card__title"
    id="mock-nanoid-1"
  >
    This is the title
  </h3>
  <div
    class="p-card__content"
  >
    Test content
  </div>
</div>
`;
