// Jest Snapshot v1, https://jestjs.io/docs/snapshot-testing

exports[`Card  renders 1`] = `
<div
  aria-labelledby="_r_0_"
  class="p-card"
  role="group"
>
  <h3
    class="p-card__title"
    id="_r_0_"
  >
    This is the title
  </h3>
  <div
    class="p-card__content"
  >
    Test content
  </div>
</div>
`;
