// Jest Snapshot v1, https://goo.gl/fbAQLP

exports[`SegmentedControl renders 1`] = `
<div>
  <div
    class="p-segmented-control"
  >
    <div
      aria-label="Segmented Control"
      class="p-segmented-control__list"
      role="tablist"
    >
      <button
        aria-controls="_r_0_-panel"
        aria-selected="true"
        class="p-segmented-control__button"
        id="_r_0_-tab-0"
        role="tab"
        tabindex="0"
      >
        label1
      </button>
    </div>
    <div
      aria-labelledby="_r_0_-tab-0"
      id="_r_0_-panel"
      role="tabpanel"
      tabindex="0"
    >
      <p>
        content1
      </p>
    </div>
  </div>
</div>
`;
