// Jest Snapshot v1, https://goo.gl/fbAQLP

exports[`Filter panel section renders 1`] = `
<Fragment>
  <div
    aria-expanded={false}
    className="filter-panel-section"
  >
    <h3
      className="filter-panel-section__heading"
      dangerouslySetInnerHTML={
        Object {
          "__html": "<strong></strong>R<strong></strong>e<strong></strong>g<strong></strong>i<strong></strong>o<strong></strong>n<strong></strong>s<strong></strong>",
        }
      }
    />
    <div
      className="filter-panel-section__chips"
    >
      <span
        key="undefined+us-east1"
      >
        <Chip
          onClick={[Function]}
          selected={false}
          value="us-east1"
        />
      </span>
      <span
        key="undefined+us-east2"
      >
        <Chip
          onClick={[Function]}
          selected={false}
          value="us-east2"
        />
      </span>
      <span
        key="undefined+us-east3"
      >
        <Chip
          onClick={[Function]}
          selected={false}
          value="us-east3"
        />
      </span>
    </div>
  </div>
</Fragment>
`;
