// Jest Snapshot v1, https://goo.gl/fbAQLP

exports[`Filter panel section renders 1`] = `
<div
  className="filter-panel-section"
>
  <h3
    className="filter-panel-section__heading"
  >
    Regions
  </h3>
  <Chip
    key="undefined+us-east1"
    value="us-east1"
  />
  <Chip
    key="undefined+us-east2"
    value="us-east2"
  />
  <Chip
    key="undefined+us-east3"
    value="us-east3"
  />
</div>
`;
