// Jest Snapshot v1, https://goo.gl/fbAQLP

exports[`Filter panel section renders 1`] = `
<div
  class="p-filter-panel-section"
>
  <h3
    class="p-filter-panel-section__heading"
  >
    Regions
  </h3>
  <div
    aria-expanded="false"
    class="p-filter-panel-section__chips"
  >
    <button
      aria-pressed="false"
      class="p-chip"
      type="button"
    >
      
      <span
        class="p-chip__value"
      >
        us-east1
      </span>
    </button>
    <button
      aria-pressed="false"
      class="p-chip"
      type="button"
    >
      
      <span
        class="p-chip__value"
      >
        us-east2
      </span>
    </button>
    <button
      aria-pressed="false"
      class="p-chip"
      type="button"
    >
      
      <span
        class="p-chip__value"
      >
        us-east3
      </span>
    </button>
  </div>
</div>
`;
