// Jest Snapshot v1, https://goo.gl/fbAQLP

exports[`Notification renders 1`] = `
<div
  className="p-notification--negative"
>
  <p
    className="p-notification__response"
  >
    User added
  </p>
  <button
    aria-label="Close notification"
    className="p-icon--close"
    onClick={[Function]}
  >
    Close
  </button>
</div>
`;
