// Jest Snapshot v1, https://goo.gl/fbAQLP

exports[`PasswordToggle  renders 1`] = `
<Field>
  <div
    className="p-form-password-toggle"
  >
    <Label
      forId="test-id"
    />
    <Button
      appearance="base"
      aria-controls="test-id"
      aria-live="polite"
      className="u-no-margin--bottom"
      hasIcon={true}
      onClick={[Function]}
    >
      <span
        className="p-form-password-toggle__label"
      >
        Show
      </span>
      <i
        className="p-icon--show"
      />
    </Button>
  </div>
  <input
    className="p-form-validation__input"
    id="test-id"
    type="password"
  />
</Field>
`;
