// Jest Snapshot v1, https://jestjs.io/docs/snapshot-testing

exports[`AccordionSection  renders 1`] = `
<li
  class="p-accordion__group"
>
  <div
    aria-level="3"
    class="p-accordion__heading"
    role="heading"
  >
    <button
      aria-controls="#_r_0_"
      aria-expanded="false"
      class="p-accordion__tab"
      id="_r_1_"
      role="tab"
      type="button"
    >
      Test section
    </button>
  </div>
  <section
    aria-hidden="true"
    aria-labelledby="_r_1_"
    class="p-accordion__panel"
    id="_r_0_"
    role="tabpanel"
  >
    <span>
      Test
    </span>
  </section>
</li>
`;
