// Jest Snapshot v1, https://goo.gl/fbAQLP

exports[`<Tooltip /> renders and matches the snapshot 1`] = `
<Tooltip
  message="text"
>
  <TooltipDetached
    message="text"
  >
    <span
      onBlur={[Function]}
      onFocus={[Function]}
      onMouseOut={[Function]}
      onMouseOver={[Function]}
    >
      <span
        style={
          Object {
            "display": "inline-block",
          }
        }
      >
        Child
      </span>
    </span>
  </TooltipDetached>
</Tooltip>
`;
