// Jest Snapshot v1, https://goo.gl/fbAQLP

exports[`Select renders 1`] = `
<select
  aria-invalid="false"
  class="p-form-validation__input"
  id="test-id"
>
  <option
    disabled=""
    value=""
  >
    Select an option
  </option>
  <option
    value="1"
  >
    Cosmic Cuttlefish
  </option>
  <option
    value="2"
  >
    Bionic Beaver
  </option>
  <option
    value="3"
  >
    Xenial Xerus
  </option>
</select>
`;
