// Jest Snapshot v1, https://jestjs.io/docs/snapshot-testing

exports[`ActionButton matches loading snapshot 1`] = `
<button
  aria-disabled="true"
  class="p-action-button p-button is-processing is-disabled"
>
  <i
    aria-label="Waiting for action to complete"
    class="u-animation--spin p-icon--spinner"
  />
</button>
`;

exports[`ActionButton matches success snapshot 1`] = `
<button
  class="p-action-button p-button is-processing"
>
  <i
    aria-label="Action completed"
    class="p-icon--success"
  />
</button>
`;
