// Jest Snapshot v1, https://goo.gl/fbAQLP

exports[`Field  renders 1`] = `
<div
  class="p-form__group p-form-validation"
  data-testid="field"
>
  <label
    class="p-form__label"
    for="test-id"
  >
    Test label
  </label>
  <div
    class="p-form__control u-clearfix"
  >
    Test content
  </div>
</div>
`;
