// Jest Snapshot v1, https://goo.gl/fbAQLP

exports[`Tabs renders 1`] = `
<nav
  className="p-tabs"
>
  <ul
    className="p-tabs__list"
  >
    <li
      className="p-tabs__item"
      key="0"
    >
      <a
        aria-selected={true}
        className="p-tabs__link"
        data-testid="tab-link-label1"
        href="/path1"
      >
        label1
      </a>
    </li>
    <li
      className="p-tabs__item"
      key="1"
    >
      <a
        aria-selected={false}
        className="p-tabs__link"
        data-testid="tab-link-label2"
        href="/path2"
      >
        label2
      </a>
    </li>
  </ul>
</nav>
`;
