// Jest Snapshot v1, https://goo.gl/fbAQLP

exports[`Search and filter renders 1`] = `
<div
  className="search-and-filter"
>
  <div
    aria-expanded={false}
    className="search-and-filter__search-container"
    data-active={false}
  >
    <ForwardRef
      autocomplete="off"
      data-overflowing={false}
      externallyControlled={false}
      onChange={[Function]}
      onClick={[Function]}
      onFocus={[Function]}
      onSubmit={[Function]}
      placeholder="Search and filter"
      value=""
    />
  </div>
</div>
`;
