// Jest Snapshot v1, https://goo.gl/fbAQLP

exports[`Search and filter renders 1`] = `
<div
  class="p-search-and-filter"
  data-testid="searchandfilter"
>
  <div
    aria-expanded="false"
    class="p-search-and-filter__search-container"
    data-active="true"
    data-empty="true"
  >
    <form
      class="p-search-and-filter__box"
      data-overflowing="false"
    >
      <label
        class="u-off-screen"
        for="search-and-filter-input"
      >
        Search and filter
      </label>
      <input
        autocomplete="off"
        class="p-search-and-filter__input"
        id="search-and-filter-input"
        name="search"
        placeholder="Search and filter"
        type="search"
        value=""
      />
      <button
        class="u-off-screen"
        type="submit"
      >
        Search
      </button>
    </form>
  </div>
</div>
`;
