// Jest Snapshot v1, https://goo.gl/fbAQLP

exports[`Search and filter renders 1`] = `
<div
  className="p-search-and-filter"
  onClick={[Function]}
>
  <div
    aria-expanded={false}
    className="p-search-and-filter__search-container"
    data-active={true}
    data-empty={true}
  >
    <form
      className="p-search-and-filter__box"
      data-overflowing={false}
      onSubmit={[Function]}
    >
      <label
        className="u-off-screen"
        htmlFor="search-and-filter-input"
      >
        Search and filter
      </label>
      <input
        autoComplete="off"
        className="p-search-and-filter__input"
        id="search-and-filter-input"
        name="search"
        onChange={[Function]}
        placeholder="Search and filter"
        type="search"
        value=""
      />
      <button
        className="u-off-screen"
        type="submit"
      >
        Search
      </button>
    </form>
  </div>
</div>
`;
