// Jest Snapshot v1, https://goo.gl/fbAQLP

exports[`Accordion renders 1`] = `
<aside
  aria-multiselectable="true"
  class="p-accordion"
  role="tablist"
>
  <ul
    class="p-accordion__list"
  >
    <li
      class="p-accordion__group"
    >
      <div
        aria-level="3"
        class="p-accordion__heading"
        role="heading"
      >
        <button
          aria-controls="#:r0:"
          aria-expanded="false"
          class="p-accordion__tab"
          id=":r1:"
          role="tab"
          type="button"
        >
          Advanced topics
        </button>
      </div>
      <section
        aria-hidden="true"
        aria-labelledby=":r1:"
        class="p-accordion__panel"
        id=":r0:"
        role="tabpanel"
      >
        test content
      </section>
    </li>
    <li
      class="p-accordion__group"
    >
      <div
        aria-level="3"
        class="p-accordion__heading"
        role="heading"
      >
        <button
          aria-controls="#:r2:"
          aria-expanded="false"
          class="p-accordion__tab"
          id=":r3:"
          role="tab"
          type="button"
        >
          Networking
        </button>
      </div>
      <section
        aria-hidden="true"
        aria-labelledby=":r3:"
        class="p-accordion__panel"
        id=":r2:"
        role="tabpanel"
      >
        More test content
      </section>
    </li>
  </ul>
</aside>
`;
