// Jest Snapshot v1, https://jestjs.io/docs/snapshot-testing

exports[`Accordion renders 1`] = `
<aside
  aria-multiselectable="true"
  class="p-accordion"
  role="tablist"
>
  <ul
    class="p-accordion__list"
  >
    <li
      class="p-accordion__group"
    >
      <div
        aria-level="3"
        class="p-accordion__heading"
        role="heading"
      >
        <button
          aria-controls="#_r_0_"
          aria-expanded="false"
          class="p-accordion__tab"
          id="_r_1_"
          role="tab"
          type="button"
        >
          Advanced topics
        </button>
      </div>
      <section
        aria-hidden="true"
        aria-labelledby="_r_1_"
        class="p-accordion__panel"
        id="_r_0_"
        role="tabpanel"
      >
        test content
      </section>
    </li>
    <li
      class="p-accordion__group"
    >
      <div
        aria-level="3"
        class="p-accordion__heading"
        role="heading"
      >
        <button
          aria-controls="#_r_2_"
          aria-expanded="false"
          class="p-accordion__tab"
          id="_r_3_"
          role="tab"
          type="button"
        >
          Networking
        </button>
      </div>
      <section
        aria-hidden="true"
        aria-labelledby="_r_3_"
        class="p-accordion__panel"
        id="_r_2_"
        role="tabpanel"
      >
        More test content
      </section>
    </li>
  </ul>
</aside>
`;
