// Jest Snapshot v1, https://goo.gl/fbAQLP

exports[`<SummaryButton /> renders and matches the snapshot 1`] = `
<small>
  <span
    class="u-text--muted"
  >
    Showing some items
  </span>
  <button
    class="is-small is-dense is-inline p-action-button p-button"
  >
    Show more
  </button>
</small>
`;
