// Jest Snapshot v1, https://goo.gl/fbAQLP

exports[`MainTable renders 1`] = `
<table
  class=""
  role="grid"
>
  <thead>
    <tr
      role="row"
    >
      <th
        role="columnheader"
      >
        Status
      </th>
      <th
        class="u-align--right"
        role="columnheader"
      >
        Cores
      </th>
      <th
        class="u-align--right"
        role="columnheader"
      >
        RAM
      </th>
      <th
        class="u-align--right"
        role="columnheader"
      >
        <span>
          Disks 
          <i
            class="p-icon--information"
          />
        </span>
      </th>
    </tr>
  </thead>
  <tbody>
    <tr
      role="row"
    >
      <td
        aria-hidden="false"
        class=""
        role="rowheader"
      >
        Ready
      </td>
      <td
        aria-hidden="false"
        class="u-align--right"
        role="gridcell"
      >
        1
      </td>
      <td
        aria-hidden="false"
        class="u-align--right"
        role="gridcell"
      >
        1 GiB
      </td>
      <td
        aria-hidden="false"
        class="u-align--right"
        role="gridcell"
      >
        2
      </td>
    </tr>
    <tr
      role="row"
    >
      <td
        aria-hidden="false"
        class=""
        role="rowheader"
      >
        Waiting
      </td>
      <td
        aria-hidden="false"
        class="u-align--right"
        role="gridcell"
      >
        1
      </td>
      <td
        aria-hidden="false"
        class="u-align--right"
        role="gridcell"
      >
        1 GiB
      </td>
      <td
        aria-hidden="false"
        class="u-align--right"
        role="gridcell"
      >
        2
      </td>
    </tr>
    <tr
      role="row"
    >
      <td
        aria-hidden="false"
        class=""
        role="rowheader"
      >
        Idle
      </td>
      <td
        aria-hidden="false"
        class="u-align--right"
        role="gridcell"
      >
        8
      </td>
      <td
        aria-hidden="false"
        class="u-align--right"
        role="gridcell"
      >
        3.9 GiB
      </td>
      <td
        aria-hidden="false"
        class="u-align--right"
        role="gridcell"
      >
        3
      </td>
    </tr>
  </tbody>
</table>
`;
