// Jest Snapshot v1, https://goo.gl/fbAQLP

exports[`Input RTL renders 1`] = `
<div>
  <div
    class="p-form__group p-form-validation"
  >
    <div
      class="p-form__control u-clearfix"
    >
      <input
        aria-describedby=""
        aria-invalid="false"
        class="p-form-validation__input"
        id="test-id"
        type="text"
      />
    </div>
  </div>
</div>
`;
